// Jest Snapshot v1, https://goo.gl/fbAQLP

exports[`header.vue header 样式发生变化,做提示 1`] = `
<div class="content">
  <div class="input-content">
    TodoList
    <input type="text" data-test="input"></div>
</div>
`;
